Device: cpu
Seed: 42
Batch size: 32, LR: 0.001, WD: 0.0001
Max epochs: 100, Early-stopping patience: 15
Loss: weighted BCE(pos_w=3.0) + Dice(weight=0.5)
Pseudo-labels: Multi-Otsu with fallback threshold 0.0484

======================================================================
BASELINE: unetplusplus
======================================================================
Train batches: 1025, Val batches: 63
Architecture: smp.unetplusplus / resnet18 | params=15,964,177

Training for up to 100 epochs...
Best checkpoint path: D:\Coding\ch-2_OHRC_PSRs\baselines\checkpoints\unetplusplus_resnet18_best.pth
Status file: D:\Coding\ch-2_OHRC_PSRs\baselines\status_unetplusplus.json
Total batches/epoch: 1025 train + 63 val
  [ep1] NEW BEST val_iou=0.7534 (checkpoint saved)
  [ep2] NEW BEST val_iou=0.8099 (checkpoint saved)
  [ep6] NEW BEST val_iou=0.8241 (checkpoint saved)
  [ep9] NEW BEST val_iou=0.8300 (checkpoint saved)
  [ep12] NEW BEST val_iou=0.8510 (checkpoint saved)
  [ep17] NEW BEST val_iou=0.8549 (checkpoint saved)
  [ep21] NEW BEST val_iou=0.8575 (checkpoint saved)
  [ep22] NEW BEST val_iou=0.8654 (checkpoint saved)
  [ep25] NEW BEST val_iou=0.8685 (checkpoint saved)
  [ep34] NEW BEST val_iou=0.8714 (checkpoint saved)
  [ep35] NEW BEST val_iou=0.8814 (checkpoint saved)
  [ep36] NEW BEST val_iou=0.8870 (checkpoint saved)
  [ep40] NEW BEST val_iou=0.8874 (checkpoint saved)
  [ep42] NEW BEST val_iou=0.8883 (checkpoint saved)
  [ep51] NEW BEST val_iou=0.8921 (checkpoint saved)
  [ep62] NEW BEST val_iou=0.8931 (checkpoint saved)
  [ep71] NEW BEST val_iou=0.8941 (checkpoint saved)
  [ep72] NEW BEST val_iou=0.8959 (checkpoint saved)
  [ep83] NEW BEST val_iou=0.8964 (checkpoint saved)
  [ep84] NEW BEST val_iou=0.8967 (checkpoint saved)
  [ep89] NEW BEST val_iou=0.8968 (checkpoint saved)
  [ep96] NEW BEST val_iou=0.8974 (checkpoint saved)
  [ep99] NEW BEST val_iou=0.8977 (checkpoint saved)

Training finished in 1664.2 min (27.74 hours)
Best val IoU=0.8977 at epoch 99 (ran 100 epochs total)

Evaluating best checkpoint on 2007 val patches...
Final metrics: {'iou': 0.8861166437401078, 'dice': 0.9324473511391503, 'accuracy': 0.9491011197138142, 'hd95': 1.3082577900302985, 'bf1': 0.8922658298083681}
  -> wrote D:\Coding\ch-2_OHRC_PSRs\baselines\unetplusplus_resnet18.json
